//to make new directory or folder
PS C:\Users\kaumu\OneDrive\Desktop> mkdir newprac


    Directory: C:\Users\kaumu\OneDrive\Desktop


Mode                 LastWriteTime         Length Name
----                 -------------         ------ ----
d-----        17-06-2025  06:25 PM                newprac


PS C:\Users\kaumu\OneDrive\Desktop> cd newprac
//to make new file
PS C:\Users\kaumu\OneDrive\Desktop\newprac> touch ch1.txt
PS C:\Users\kaumu\OneDrive\Desktop\newprac> ls


    Directory: C:\Users\kaumu\OneDrive\Desktop\newprac


Mode                 LastWriteTime         Length Name
----                 -------------         ------ ----
-a---l        17-06-2025  06:26 PM              0 ch1.txt

//to open a file on windows
PS C:\Users\kaumu\OneDrive\Desktop\newprac> code ch1.txt
//to initialse git
PS C:\Users\kaumu\OneDrive\Desktop\newprac> git init
Initialized empty Git repository in C:/Users/kaumu/OneDrive/Desktop/newprac/.git/
PS C:\Users\kaumu\OneDrive\Desktop\newprac> ls -a
Get-ChildItem : Parameter cannot be processed because the parameter name 'a' is ambiguous. Possible matches include: -Attributes -Directory -File -Hidden -ReadOnly -System.
At line:1 char:4
+ ls -a
+    ~~
    + CategoryInfo          : InvalidArgument: (:) [Get-ChildItem], ParameterBindingException
    + FullyQualifiedErrorId : AmbiguousParameter,Microsoft.PowerShell.Commands.GetChildItemCommand

PS C:\Users\kaumu\OneDrive\Desktop\newprac> ls


    Directory: C:\Users\kaumu\OneDrive\Desktop\newprac


Mode                 LastWriteTime         Length Name
----                 -------------         ------ ----
-a---l        17-06-2025  06:27 PM             11 ch1.txt

//to see satus of git files : red means not uploaded , green means uploaded
PS C:\Users\kaumu\OneDrive\Desktop\newprac> git status
On branch main

No commits yet

Untracked files:
  (use "git add <file>..." to include in what will be committed)
        ch1.txt

nothing added to commit but untracked files present (use "git add" to track)
//to add files in git
PS C:\Users\kaumu\OneDrive\Desktop\newprac> git add ch1.txt
PS C:\Users\kaumu\OneDrive\Desktop\newprac> git status     
On branch main

No commits yet

Changes to be committed:
  (use "git rm --cached <file>..." to unstage)
        new file:   ch1.txt

//to commit changes
//-m "message" : means to give message in present tense about what you did it is really important 
PS C:\Users\kaumu\OneDrive\Desktop\newprac> git commit -m "complete ch1" 
Author identity unknown

*** Please tell me who you are.

Run

  git config --global user.email "you@example.com"
  git config --global user.name "Your Name"

to set your account's default identity.
Omit --global to set the identity only in this repository.

fatal: unable to auto-detect email address (got 'kaumu@Kaumudi.(none)')

//this tells who is using git 
PS C:\Users\kaumu\OneDrive\Desktop\newprac> git config --global user.email "kaumudi1204@gmail.com"
PS C:\Users\kaumu\OneDrive\Desktop\newprac> git config --global user.name "Kaumudi Mishra"
PS C:\Users\kaumu\OneDrive\Desktop\newprac> git commit -m "complete ch1"             
[main (root-commit) 6634d8d] complete ch1
 1 file changed, 1 insertion(+)
 create mode 100644 ch1.txt

// to see the activity and commits made at different times
PS C:\Users\kaumu\OneDrive\Desktop\newprac> git log
commit 6634d8db4f8423b24726e73caeb6566759a129cf (HEAD -> main)
Author: Kaumudi Mishra <kaumudi1204@gmail.com>
Date:   Tue Jun 17 18:33:32 2025 +0530

    complete ch1
PS C:\Users\kaumu\OneDrive\Desktop\newprac>  touch ch2.txt
PS C:\Users\kaumu\OneDrive\Desktop\newprac> touch ch3.txt
PS C:\Users\kaumu\OneDrive\Desktop\newprac> ls


    Directory: C:\Users\kaumu\OneDrive\Desktop\newprac


Mode                 LastWriteTime         Length Name
----                 -------------         ------ ----
-a---l        17-06-2025  06:27 PM             11 ch1.txt
-a---l        17-06-2025  06:35 PM              0 ch2.txt
-a---l        17-06-2025  06:35 PM              0 ch3.txt

//here we add two more files and this "git add ." helps to add all the unstaged files to the staging area altogether
PS C:\Users\kaumu\OneDrive\Desktop\newprac> touch ch4.txt
PS C:\Users\kaumu\OneDrive\Desktop\newprac> touch democh.txt
PS C:\Users\kaumu\OneDrive\Desktop\newprac> git status
On branch main
Changes not staged for commit:
  (use "git add <file>..." to update what will be committed)
  (use "git restore <file>..." to discard changes in working directory)
        modified:   ch2.txt

Untracked files:
  (use "git add <file>..." to include in what will be committed)
        ch4.txt
        democh.txt

no changes added to commit (use "git add" and/or "git commit -a")
PS C:\Users\kaumu\OneDrive\Desktop\newprac> git add . 
PS C:\Users\kaumu\OneDrive\Desktop\newprac> git status
On branch main
Changes to be committed:
  (use "git restore --staged <file>..." to unstage)
        modified:   ch2.txt
        new file:   ch4.txt
        new file:   democh.txt

// to connect the github repo to local repo we use this
// git remote add <name> <url>
// to push we use : git push -u <name> <branchname>
PS C:\Users\kaumu\OneDrive\Desktop\newprac> git remote add origin https://github.com/KaumudiMishra/newprac.git
PS C:\Users\kaumu\OneDrive\Desktop\newprac> git push -u origin main
info: please complete authentication in your browser...
Enumerating objects: 11, done.
Counting objects: 100% (11/11), done.
Delta compression using up to 8 threads
Compressing objects: 100% (7/7), done.
Writing objects: 100% (11/11), 2.18 KiB | 745.00 KiB/s, done.
Total 11 (delta 1), reused 0 (delta 0), pack-reused 0 (from 0)
remote: Resolving deltas: 100% (1/1), done.
To https://github.com/KaumudiMishra/newprac.git
 * [new branch]      main -> main
branch 'main' set up to track 'origin/main'.
PS C:\Users\kaumu\OneDrive\Desktop\newprac> 